// Jest Snapshot v1, https://goo.gl/fbAQLP

exports[`Select renders 1`] = `
.c1 {
  width: 100%;
}

.c0 {
  display: -webkit-box;
  display: -webkit-flex;
  display: -ms-flexbox;
  display: flex;
  -webkit-align-items: center;
  -webkit-box-align: center;
  -ms-flex-align: center;
  align-items: center;
}

.c4 {
  -webkit-flex: none;
  -ms-flex: none;
  flex: none;
  margin-left: -32px;
  color: #4f6f8f;
}

.c3 {
  pointer-events: none;
}

.c2 {
  -webkit-appearance: none;
  -moz-appearance: none;
  appearance: none;
  display: block;
  width: 100%;
  font-family: inherit;
  color: inherit;
  background-color: transparent;
  border-radius: 2px;
  border-width: 1px;
  border-style: solid;
  border-color: #c0cad5;
  margin: 0px;
  padding-left: 12px;
  padding-right: 32px;
  padding-top: 14px;
  padding-bottom: 14px;
  font-size: 14px;
}

.c2:focus {
  outline: none;
  border-color: #007aff;
  box-shadow: 0 0 0 1px #007aff;
}

.c2::-ms-expand {
  display: none;
}

<div
  className="c0 c1"
  width={1}
>
  <select
    className="c2"
    color="primary"
    fontSize={1}
  />
  <svg
    aria-hidden={true}
    className="c3 c4"
    color="gray"
    fill="currentcolor"
    focusable={false}
    height={24}
    tabIndex={-1}
    viewBox="0 0 24 24"
    width={24}
  >
    <path
      d="M7.4 8l4.6 4.6L16.6 8 18 9.4l-6 6-6-6L7.4 8z"
    />
  </svg>
</div>
`;
