// Jest Snapshot v1, https://goo.gl/fbAQLP

exports[`ModalHeader render 1`] = `
<div
  class="sc-cHGsZl dxMwdk"
>
  <div
    class="sc-dNLxif ucJqe sc-ifAKCX fHzRUi"
    color="white"
  >
    <div
      class="sc-EHOje fJrAdN"
      font-size="1"
    >
      test
    </div>
    <button
      class="sc-jqCOkK jAIGtI sc-gZMcBi cAgNkG sc-iwsKbI XVsKP"
      style="height: 24px;"
      title="close"
    >
      <svg
        class="sc-dnqmqq gCwbKF"
        fill="currentcolor"
        height="24"
        viewBox="0 0 24 24"
        width="24"
      >
        <path
          d="M19,6.4L17.6,5L12,10.6L6.4,5L5,6.4l5.6,5.6L5,17.6L6.4,19l5.6-5.6l5.6,5.6l1.4-1.4L13.4,12L19,6.4z"
        />
      </svg>
    </button>
  </div>
</div>
`;

exports[`SmallModalHeader render 1`] = `
<div
  class="sc-cHGsZl dxMwdk"
>
  <div
    class="sc-jbKcbu cMHPMg sc-bdVaJa eSHXdW"
  />
</div>
`;
