// Jest Snapshot v1, https://goo.gl/fbAQLP

exports[`Modal renders when enable overflow and disable close button 1`] = `
<div
  class="sc-cHGsZl dxMwdk"
>
  <div
    class="sc-cHGsZl dxMwdk"
  />
</div>
`;

exports[`Modal renders when open 1`] = `
<div
  class="sc-cHGsZl dxMwdk"
>
  <div
    class="sc-cHGsZl dxMwdk"
  />
</div>
`;

exports[`Modal renders with custom animation 1`] = `
<div
  class="sc-cHGsZl dxMwdk"
>
  <div
    class="sc-cHGsZl dxMwdk"
  />
</div>
`;

exports[`Modal renders with top alignment 1`] = `
<div
  class="sc-cHGsZl dxMwdk"
>
  <div
    class="sc-cHGsZl dxMwdk"
  />
</div>
`;
