// Jest Snapshot v1, https://goo.gl/fbAQLP

exports[`Box rederer 1`] = `
<div
  className="sc-bdVaJa ibTDPh"
/>
`;
