// Jest Snapshot v1, https://goo.gl/fbAQLP

exports[`Link renders 1`] = `
.c0 {
  text-decoration: none;
  color: #007aff;
}

.c0:hover {
  text-decoration: underline;
}

<a
  className="c0"
  color="blue"
>
  Dummy
</a>
`;
