// Jest Snapshot v1, https://goo.gl/fbAQLP

exports[`Autocomplete renders 1`] = `
<div
  aria-expanded={false}
  aria-haspopup="listbox"
  aria-labelledby="downshift-0-label"
  aria-owns={null}
  role="combobox"
  style={
    Object {
      "position": "relative",
    }
  }
>
  <label
    className="sc-cMljjf fTtdJC"
    color="gray"
    fontSize="10px"
    fontWeight="bold"
    htmlFor="downshift-0-input"
    id="downshift-0-label"
  >
    Test
  </label>
  <input
    aria-activedescendant={null}
    aria-autocomplete="list"
    aria-controls={null}
    aria-labelledby="downshift-0-label"
    autoComplete="off"
    className="sc-jWBwVP iFOPYV"
    id="downshift-0-input"
    onBlur={[Function]}
    onChange={[Function]}
    onKeyDown={[Function]}
    value=""
  />
  <div
    aria-labelledby="downshift-0-label"
    className="sc-kjoXOD cTsYwp sc-kGXeez dpMHNO sc-bwzfXH cGrtGY"
    height="256px"
    id="downshift-0-menu"
    role="listbox"
  />
</div>
`;
